[debug] [2026-08-04T14:47:00.341Z] ----------------------------------------------------------------------
[debug] [2026-08-04T14:47:00.356Z] Command:       /usr/local/bin/firebase /Users/kidokouhei/.cache/firebase/tools/lib/node_modules/firebase-tools/lib/bin/firebase deploy --only functions:notifyQuestionAnswerReport
[debug] [2026-08-04T14:47:00.356Z] CLI Version:   14.1.0
[debug] [2026-08-04T14:47:00.356Z] Platform:      darwin
[debug] [2026-08-04T14:47:00.357Z] Node Version:  v20.18.2
[debug] [2026-08-04T14:47:00.358Z] Time:          Tue Aug 04 2026 23:47:00 GMT+0900 (GMT+09:00)
[debug] [2026-08-04T14:47:00.358Z] ----------------------------------------------------------------------
[debug] 
[debug] [2026-08-04T14:47:00.643Z] > command requires scopes: ["email","openid","https://www.googleapis.com/auth/cloudplatformprojects.readonly","https://www.googleapis.com/auth/firebase","https://www.googleapis.com/auth/cloud-platform"]
[debug] [2026-08-04T14:47:00.645Z] > authorizing via signed-in user (kidokohei.shonaniryo2517027@gmail.com)
[debug] [2026-08-04T14:47:00.646Z] [iam] checking project universitynotifier-67517 for permissions ["cloudfunctions.functions.create","cloudfunctions.functions.delete","cloudfunctions.functions.get","cloudfunctions.functions.list","cloudfunctions.functions.update","cloudfunctions.operations.get","firebase.projects.get"]
[debug] [2026-08-04T14:47:00.649Z] Checked if tokens are valid: false, expires at: 1785752230947
[debug] [2026-08-04T14:47:00.650Z] Checked if tokens are valid: false, expires at: 1785752230947
[debug] [2026-08-04T14:47:00.651Z] > refreshing access token with scopes: []
[debug] [2026-08-04T14:47:00.654Z] >>> [apiv2][query] POST https://www.googleapis.com/oauth2/v3/token [none]
[debug] [2026-08-04T14:47:00.654Z] >>> [apiv2][body] POST https://www.googleapis.com/oauth2/v3/token [omitted]
[debug] [2026-08-04T14:47:00.945Z] <<< [apiv2][status] POST https://www.googleapis.com/oauth2/v3/token 200
[debug] [2026-08-04T14:47:00.945Z] <<< [apiv2][body] POST https://www.googleapis.com/oauth2/v3/token [omitted]
[debug] [2026-08-04T14:47:00.961Z] >>> [apiv2][query] POST https://cloudresourcemanager.googleapis.com/v1/projects/universitynotifier-67517:testIamPermissions [none]
[debug] [2026-08-04T14:47:00.962Z] >>> [apiv2][(partial)header] POST https://cloudresourcemanager.googleapis.com/v1/projects/universitynotifier-67517:testIamPermissions x-goog-quota-user=projects/universitynotifier-67517
[debug] [2026-08-04T14:47:00.962Z] >>> [apiv2][body] POST https://cloudresourcemanager.googleapis.com/v1/projects/universitynotifier-67517:testIamPermissions {"permissions":["cloudfunctions.functions.create","cloudfunctions.functions.delete","cloudfunctions.functions.get","cloudfunctions.functions.list","cloudfunctions.functions.update","cloudfunctions.operations.get","firebase.projects.get"]}
[debug] [2026-08-04T14:47:01.688Z] <<< [apiv2][status] POST https://cloudresourcemanager.googleapis.com/v1/projects/universitynotifier-67517:testIamPermissions 200
[debug] [2026-08-04T14:47:01.689Z] <<< [apiv2][body] POST https://cloudresourcemanager.googleapis.com/v1/projects/universitynotifier-67517:testIamPermissions {"permissions":["cloudfunctions.functions.create","cloudfunctions.functions.delete","cloudfunctions.functions.get","cloudfunctions.functions.list","cloudfunctions.functions.update","cloudfunctions.operations.get","firebase.projects.get"]}
[debug] [2026-08-04T14:47:01.690Z] Checked if tokens are valid: true, expires at: 1785858419945
[debug] [2026-08-04T14:47:01.690Z] Checked if tokens are valid: true, expires at: 1785858419945
[debug] [2026-08-04T14:47:01.691Z] >>> [apiv2][query] POST https://iam.googleapis.com/v1/projects/universitynotifier-67517/serviceAccounts/universitynotifier-67517@appspot.gserviceaccount.com:testIamPermissions [none]
[debug] [2026-08-04T14:47:01.691Z] >>> [apiv2][body] POST https://iam.googleapis.com/v1/projects/universitynotifier-67517/serviceAccounts/universitynotifier-67517@appspot.gserviceaccount.com:testIamPermissions {"permissions":["iam.serviceAccounts.actAs"]}
[debug] [2026-08-04T14:47:02.612Z] <<< [apiv2][status] POST https://iam.googleapis.com/v1/projects/universitynotifier-67517/serviceAccounts/universitynotifier-67517@appspot.gserviceaccount.com:testIamPermissions 404
[debug] [2026-08-04T14:47:02.616Z] <<< [apiv2][body] POST https://iam.googleapis.com/v1/projects/universitynotifier-67517/serviceAccounts/universitynotifier-67517@appspot.gserviceaccount.com:testIamPermissions {"error":{"code":404,"message":"Unknown service account","status":"NOT_FOUND"}}
[debug] [2026-08-04T14:47:02.618Z] [functions] service account IAM check errored, deploy may fail: Request to https://iam.googleapis.com/v1/projects/universitynotifier-67517/serviceAccounts/universitynotifier-67517@appspot.gserviceaccount.com:testIamPermissions had HTTP Error: 404, Unknown service account {"name":"FirebaseError","children":[],"context":{"body":{"error":{"code":404,"message":"Unknown service account","status":"NOT_FOUND"}},"response":{"statusCode":404}},"exit":1,"message":"Request to https://iam.googleapis.com/v1/projects/universitynotifier-67517/serviceAccounts/universitynotifier-67517@appspot.gserviceaccount.com:testIamPermissions had HTTP Error: 404, Unknown service account","status":404}
[info] 
[info] === Deploying to 'universitynotifier-67517'...
[info] 
[info] i  deploying functions 
[debug] [2026-08-04T14:47:02.624Z] Checked if tokens are valid: true, expires at: 1785858419945
[debug] [2026-08-04T14:47:02.624Z] Checked if tokens are valid: true, expires at: 1785858419945
[debug] [2026-08-04T14:47:02.624Z] >>> [apiv2][query] GET https://cloudresourcemanager.googleapis.com/v1/projects/universitynotifier-67517 [none]
[debug] [2026-08-04T14:47:02.814Z] <<< [apiv2][status] GET https://cloudresourcemanager.googleapis.com/v1/projects/universitynotifier-67517 200
[debug] [2026-08-04T14:47:02.815Z] <<< [apiv2][body] GET https://cloudresourcemanager.googleapis.com/v1/projects/universitynotifier-67517 {"projectNumber":"908622250178","projectId":"universitynotifier-67517","lifecycleState":"ACTIVE","name":"UniversityNotifier","labels":{"firebase":"enabled","firebase-core":"disabled"},"createTime":"2026-06-26T10:17:00.329Z"}
[info] i  functions: preparing codebase default for deployment 
[info] i  functions: ensuring required API cloudfunctions.googleapis.com is enabled... 
[debug] [2026-08-04T14:47:02.819Z] Checked if tokens are valid: true, expires at: 1785858419945
[debug] [2026-08-04T14:47:02.819Z] Checked if tokens are valid: true, expires at: 1785858419945
[debug] [2026-08-04T14:47:02.819Z] Checked if tokens are valid: true, expires at: 1785858419945
[debug] [2026-08-04T14:47:02.820Z] Checked if tokens are valid: true, expires at: 1785858419945
[info] i  functions: ensuring required API cloudbuild.googleapis.com is enabled... 
[debug] [2026-08-04T14:47:02.822Z] Checked if tokens are valid: true, expires at: 1785858419945
[debug] [2026-08-04T14:47:02.822Z] Checked if tokens are valid: true, expires at: 1785858419945
[info] i  artifactregistry: ensuring required API artifactregistry.googleapis.com is enabled... 
[debug] [2026-08-04T14:47:02.823Z] Checked if tokens are valid: true, expires at: 1785858419945
[debug] [2026-08-04T14:47:02.823Z] Checked if tokens are valid: true, expires at: 1785858419945
[debug] [2026-08-04T14:47:02.825Z] >>> [apiv2][query] GET https://serviceusage.googleapis.com/v1/projects/universitynotifier-67517/services/cloudfunctions.googleapis.com [none]
[debug] [2026-08-04T14:47:02.825Z] >>> [apiv2][(partial)header] GET https://serviceusage.googleapis.com/v1/projects/universitynotifier-67517/services/cloudfunctions.googleapis.com x-goog-quota-user=projects/universitynotifier-67517
[debug] [2026-08-04T14:47:02.828Z] >>> [apiv2][query] GET https://serviceusage.googleapis.com/v1/projects/universitynotifier-67517/services/runtimeconfig.googleapis.com [none]
[debug] [2026-08-04T14:47:02.828Z] >>> [apiv2][(partial)header] GET https://serviceusage.googleapis.com/v1/projects/universitynotifier-67517/services/runtimeconfig.googleapis.com x-goog-quota-user=projects/universitynotifier-67517
[debug] [2026-08-04T14:47:02.829Z] >>> [apiv2][query] GET https://serviceusage.googleapis.com/v1/projects/universitynotifier-67517/services/cloudbuild.googleapis.com [none]
[debug] [2026-08-04T14:47:02.829Z] >>> [apiv2][(partial)header] GET https://serviceusage.googleapis.com/v1/projects/universitynotifier-67517/services/cloudbuild.googleapis.com x-goog-quota-user=projects/universitynotifier-67517
[debug] [2026-08-04T14:47:02.830Z] >>> [apiv2][query] GET https://serviceusage.googleapis.com/v1/projects/universitynotifier-67517/services/artifactregistry.googleapis.com [none]
[debug] [2026-08-04T14:47:02.831Z] >>> [apiv2][(partial)header] GET https://serviceusage.googleapis.com/v1/projects/universitynotifier-67517/services/artifactregistry.googleapis.com x-goog-quota-user=projects/universitynotifier-67517
[debug] [2026-08-04T14:47:03.889Z] <<< [apiv2][status] GET https://serviceusage.googleapis.com/v1/projects/universitynotifier-67517/services/runtimeconfig.googleapis.com 200
[debug] [2026-08-04T14:47:03.889Z] <<< [apiv2][body] GET https://serviceusage.googleapis.com/v1/projects/universitynotifier-67517/services/runtimeconfig.googleapis.com [omitted]
[debug] [2026-08-04T14:47:03.892Z] <<< [apiv2][status] GET https://serviceusage.googleapis.com/v1/projects/universitynotifier-67517/services/cloudfunctions.googleapis.com 200
[debug] [2026-08-04T14:47:03.892Z] <<< [apiv2][body] GET https://serviceusage.googleapis.com/v1/projects/universitynotifier-67517/services/cloudfunctions.googleapis.com [omitted]
[info] ✔  functions: required API cloudfunctions.googleapis.com is enabled 
[debug] [2026-08-04T14:47:03.904Z] <<< [apiv2][status] GET https://serviceusage.googleapis.com/v1/projects/universitynotifier-67517/services/artifactregistry.googleapis.com 200
[debug] [2026-08-04T14:47:03.906Z] <<< [apiv2][body] GET https://serviceusage.googleapis.com/v1/projects/universitynotifier-67517/services/artifactregistry.googleapis.com [omitted]
[info] ✔  artifactregistry: required API artifactregistry.googleapis.com is enabled 
[debug] [2026-08-04T14:47:03.925Z] <<< [apiv2][status] GET https://serviceusage.googleapis.com/v1/projects/universitynotifier-67517/services/cloudbuild.googleapis.com 200
[debug] [2026-08-04T14:47:03.925Z] <<< [apiv2][body] GET https://serviceusage.googleapis.com/v1/projects/universitynotifier-67517/services/cloudbuild.googleapis.com [omitted]
[info] ✔  functions: required API cloudbuild.googleapis.com is enabled 
[debug] [2026-08-04T14:47:03.926Z] Checked if tokens are valid: true, expires at: 1785858419945
[debug] [2026-08-04T14:47:03.926Z] Checked if tokens are valid: true, expires at: 1785858419945
[debug] [2026-08-04T14:47:03.927Z] >>> [apiv2][query] GET https://firebase.googleapis.com/v1beta1/projects/universitynotifier-67517/adminSdkConfig [none]
[debug] [2026-08-04T14:47:04.353Z] <<< [apiv2][status] GET https://firebase.googleapis.com/v1beta1/projects/universitynotifier-67517/adminSdkConfig 200
[debug] [2026-08-04T14:47:04.354Z] <<< [apiv2][body] GET https://firebase.googleapis.com/v1beta1/projects/universitynotifier-67517/adminSdkConfig {"projectId":"universitynotifier-67517","databaseURL":"https://universitynotifier-67517-default-rtdb.firebaseio.com","storageBucket":"universitynotifier-67517.firebasestorage.app"}
[debug] [2026-08-04T14:47:04.355Z] Checked if tokens are valid: true, expires at: 1785858419945
[debug] [2026-08-04T14:47:04.355Z] Checked if tokens are valid: true, expires at: 1785858419945
[debug] [2026-08-04T14:47:04.356Z] >>> [apiv2][query] GET https://runtimeconfig.googleapis.com/v1beta1/projects/universitynotifier-67517/configs [none]
[debug] [2026-08-04T14:47:04.738Z] <<< [apiv2][status] GET https://runtimeconfig.googleapis.com/v1beta1/projects/universitynotifier-67517/configs 200
[debug] [2026-08-04T14:47:04.738Z] <<< [apiv2][body] GET https://runtimeconfig.googleapis.com/v1beta1/projects/universitynotifier-67517/configs {}
[debug] [2026-08-04T14:47:04.745Z] Validating nodejs source
[debug] [2026-08-04T14:47:04.767Z] checkFunctionsSDKVersion was unable to fetch information from NPM Error: spawnSync npm Unknown system error -8
    at Object.spawnSync (node:internal/child_process:1123:20)
    at Object.spawnSync (node:child_process:877:24)
    at Object.spawnSync (pkg/prelude/bootstrap.js:2092:31)
    at Function.spawnSync [as sync] (/Users/kidokouhei/.cache/firebase/tools/lib/node_modules/cross-spawn/index.js:26:23)
    at Object.getLatestSDKVersion (/Users/kidokouhei/.cache/firebase/tools/lib/node_modules/firebase-tools/lib/deploy/functions/runtimes/node/versioning.js:54:25)
    at Object.checkFunctionsSDKVersion (/Users/kidokouhei/.cache/firebase/tools/lib/node_modules/firebase-tools/lib/deploy/functions/runtimes/node/versioning.js:74:32)
    at Delegate.validate (/Users/kidokouhei/.cache/firebase/tools/lib/node_modules/firebase-tools/lib/deploy/functions/runtimes/node/index.js:86:20)
    at loadCodebases (/Users/kidokouhei/.cache/firebase/tools/lib/node_modules/firebase-tools/lib/deploy/functions/prepare.js:318:31)
    at async prepare (/Users/kidokouhei/.cache/firebase/tools/lib/node_modules/firebase-tools/lib/deploy/functions/prepare.js:59:24)
    at async chain (/Users/kidokouhei/.cache/firebase/tools/lib/node_modules/firebase-tools/lib/deploy/index.js:40:9)
[debug] [2026-08-04T14:47:04.768Z] > [functions] package.json contents: {
  "name": "functions",
  "description": "Cloud Functions for Firebase",
  "scripts": {
    "serve": "firebase emulators:start --only functions",
    "shell": "firebase functions:shell",
    "start": "npm run shell",
    "deploy": "firebase deploy --only functions",
    "logs": "firebase functions:log"
  },
  "engines": {
    "node": "22"
  },
  "main": "index.js",
  "dependencies": {
    "firebase-admin": "^12.7.0",
    "firebase-functions": "^6.0.1",
    "web-push": "^3.6.7"
  },
  "devDependencies": {
    "firebase-functions-test": "^3.1.0"
  },
  "private": true
}
[debug] [2026-08-04T14:47:04.768Z] Building nodejs source
[info] i  functions: Loading and analyzing source code for codebase default to determine what to deploy 
[debug] [2026-08-04T14:47:04.771Z] Could not find functions.yaml. Must use http discovery
[debug] [2026-08-04T14:47:04.794Z] Found firebase-functions binary at '/Users/kidokouhei/Desktop/CareMateApp/university_notifier_web/functions/node_modules/.bin/firebase-functions'
[info] Serving at port 8884

[debug] [2026-08-04T14:47:06.058Z] Got response from /__/functions.yaml {"endpoints":{"sendAttendanceTest":{"availableMemoryMb":null,"timeoutSeconds":null,"minInstances":null,"maxInstances":null,"ingressSettings":null,"concurrency":null,"serviceAccountEmail":null,"vpc":null,"platform":"gcfv2","secretEnvironmentVariables":[{"key":"WEB_PUSH_PUBLIC_KEY"},{"key":"WEB_PUSH_PRIVATE_KEY"}],"labels":{},"httpsTrigger":{},"entryPoint":"sendAttendanceTest"},"notifyQuestionAnswerReport":{"availableMemoryMb":null,"timeoutSeconds":null,"minInstances":null,"maxInstances":null,"ingressSettings":null,"concurrency":null,"serviceAccountEmail":null,"vpc":null,"platform":"gcfv2","secretEnvironmentVariables":[{"key":"WEB_PUSH_PUBLIC_KEY"},{"key":"WEB_PUSH_PRIVATE_KEY"}],"labels":{},"eventTrigger":{"eventType":"google.cloud.firestore.document.v1.created","eventFilters":{"database":"(default)","namespace":"(default)"},"eventFilterPathPatterns":{"document":"reports/{reportId}"},"retry":false},"entryPoint":"notifyQuestionAnswerReport"}},"specVersion":"v1alpha1","requiredAPIs":[],"extensions":{},"params":[{"type":"secret","name":"WEB_PUSH_PUBLIC_KEY"},{"type":"secret","name":"WEB_PUSH_PRIVATE_KEY"}]}
[info] i  extensions: ensuring required API firebaseextensions.googleapis.com is enabled... 
[debug] [2026-08-04T14:47:10.187Z] Checked if tokens are valid: true, expires at: 1785858419945
[debug] [2026-08-04T14:47:10.188Z] Checked if tokens are valid: true, expires at: 1785858419945
[debug] [2026-08-04T14:47:10.189Z] >>> [apiv2][query] GET https://serviceusage.googleapis.com/v1/projects/universitynotifier-67517/services/firebaseextensions.googleapis.com [none]
[debug] [2026-08-04T14:47:10.189Z] >>> [apiv2][(partial)header] GET https://serviceusage.googleapis.com/v1/projects/universitynotifier-67517/services/firebaseextensions.googleapis.com x-goog-quota-user=projects/universitynotifier-67517
[debug] [2026-08-04T14:47:11.298Z] <<< [apiv2][status] GET https://serviceusage.googleapis.com/v1/projects/universitynotifier-67517/services/firebaseextensions.googleapis.com 200
[debug] [2026-08-04T14:47:11.301Z] <<< [apiv2][body] GET https://serviceusage.googleapis.com/v1/projects/universitynotifier-67517/services/firebaseextensions.googleapis.com [omitted]
[info] ✔  extensions: required API firebaseextensions.googleapis.com is enabled 
[debug] [2026-08-04T14:47:11.303Z] > command requires scopes: ["email","openid","https://www.googleapis.com/auth/cloudplatformprojects.readonly","https://www.googleapis.com/auth/firebase","https://www.googleapis.com/auth/cloud-platform"]
[debug] [2026-08-04T14:47:11.303Z] > authorizing via signed-in user (kidokohei.shonaniryo2517027@gmail.com)
[debug] [2026-08-04T14:47:11.303Z] [iam] checking project universitynotifier-67517 for permissions ["firebase.projects.get","firebaseextensions.instances.list"]
[debug] [2026-08-04T14:47:11.304Z] Checked if tokens are valid: true, expires at: 1785858419945
[debug] [2026-08-04T14:47:11.304Z] Checked if tokens are valid: true, expires at: 1785858419945
[debug] [2026-08-04T14:47:11.305Z] >>> [apiv2][query] POST https://cloudresourcemanager.googleapis.com/v1/projects/universitynotifier-67517:testIamPermissions [none]
[debug] [2026-08-04T14:47:11.305Z] >>> [apiv2][(partial)header] POST https://cloudresourcemanager.googleapis.com/v1/projects/universitynotifier-67517:testIamPermissions x-goog-quota-user=projects/universitynotifier-67517
[debug] [2026-08-04T14:47:11.305Z] >>> [apiv2][body] POST https://cloudresourcemanager.googleapis.com/v1/projects/universitynotifier-67517:testIamPermissions {"permissions":["firebase.projects.get","firebaseextensions.instances.list"]}
[debug] [2026-08-04T14:47:11.934Z] <<< [apiv2][status] POST https://cloudresourcemanager.googleapis.com/v1/projects/universitynotifier-67517:testIamPermissions 200
[debug] [2026-08-04T14:47:11.935Z] <<< [apiv2][body] POST https://cloudresourcemanager.googleapis.com/v1/projects/universitynotifier-67517:testIamPermissions {"permissions":["firebase.projects.get","firebaseextensions.instances.list"]}
[debug] [2026-08-04T14:47:11.937Z] Checked if tokens are valid: true, expires at: 1785858419945
[debug] [2026-08-04T14:47:11.937Z] Checked if tokens are valid: true, expires at: 1785858419945
[debug] [2026-08-04T14:47:11.939Z] >>> [apiv2][query] GET https://firebaseextensions.googleapis.com/v1beta/projects/universitynotifier-67517/instances pageSize=100&pageToken=
[debug] [2026-08-04T14:47:12.947Z] <<< [apiv2][status] GET https://firebaseextensions.googleapis.com/v1beta/projects/universitynotifier-67517/instances 200
[debug] [2026-08-04T14:47:12.948Z] <<< [apiv2][body] GET https://firebaseextensions.googleapis.com/v1beta/projects/universitynotifier-67517/instances {}
[debug] [2026-08-04T14:47:12.953Z] Checked if tokens are valid: true, expires at: 1785858419945
[debug] [2026-08-04T14:47:12.953Z] Checked if tokens are valid: true, expires at: 1785858419945
[debug] [2026-08-04T14:47:12.954Z] >>> [apiv2][query] GET https://secretmanager.googleapis.com/v1/projects/universitynotifier-67517/secrets/WEB_PUSH_PUBLIC_KEY [none]
[debug] [2026-08-04T14:47:13.283Z] <<< [apiv2][status] GET https://secretmanager.googleapis.com/v1/projects/universitynotifier-67517/secrets/WEB_PUSH_PUBLIC_KEY 200
[debug] [2026-08-04T14:47:13.283Z] <<< [apiv2][body] GET https://secretmanager.googleapis.com/v1/projects/universitynotifier-67517/secrets/WEB_PUSH_PUBLIC_KEY {"name":"projects/908622250178/secrets/WEB_PUSH_PUBLIC_KEY","replication":{"automatic":{}},"createTime":"2026-08-03T08:46:06.979504Z","labels":{"firebase-managed":"functions"},"etag":"\"16582091bca3a9\""}
[debug] [2026-08-04T14:47:13.285Z] Checked if tokens are valid: true, expires at: 1785858419945
[debug] [2026-08-04T14:47:13.285Z] Checked if tokens are valid: true, expires at: 1785858419945
[debug] [2026-08-04T14:47:13.286Z] >>> [apiv2][query] GET https://secretmanager.googleapis.com/v1/projects/universitynotifier-67517/secrets/WEB_PUSH_PUBLIC_KEY/versions/latest [none]
[debug] [2026-08-04T14:47:13.476Z] <<< [apiv2][status] GET https://secretmanager.googleapis.com/v1/projects/universitynotifier-67517/secrets/WEB_PUSH_PUBLIC_KEY/versions/latest 200
[debug] [2026-08-04T14:47:13.476Z] <<< [apiv2][body] GET https://secretmanager.googleapis.com/v1/projects/universitynotifier-67517/secrets/WEB_PUSH_PUBLIC_KEY/versions/latest {"name":"projects/908622250178/secrets/WEB_PUSH_PUBLIC_KEY/versions/2","createTime":"2026-08-03T09:23:51.020243Z","state":"ENABLED","replicationStatus":{"automatic":{}},"etag":"\"16582118a6e6d3\""}
[debug] [2026-08-04T14:47:13.479Z] Checked if tokens are valid: true, expires at: 1785858419945
[debug] [2026-08-04T14:47:13.480Z] Checked if tokens are valid: true, expires at: 1785858419945
[debug] [2026-08-04T14:47:13.480Z] >>> [apiv2][query] GET https://secretmanager.googleapis.com/v1/projects/universitynotifier-67517/secrets/WEB_PUSH_PRIVATE_KEY [none]
[debug] [2026-08-04T14:47:13.674Z] <<< [apiv2][status] GET https://secretmanager.googleapis.com/v1/projects/universitynotifier-67517/secrets/WEB_PUSH_PRIVATE_KEY 200
[debug] [2026-08-04T14:47:13.674Z] <<< [apiv2][body] GET https://secretmanager.googleapis.com/v1/projects/universitynotifier-67517/secrets/WEB_PUSH_PRIVATE_KEY {"name":"projects/908622250178/secrets/WEB_PUSH_PRIVATE_KEY","replication":{"automatic":{}},"createTime":"2026-08-03T08:44:54.469393Z","labels":{"firebase-managed":"functions"},"etag":"\"1658208d707487\""}
[debug] [2026-08-04T14:47:13.678Z] Checked if tokens are valid: true, expires at: 1785858419945
[debug] [2026-08-04T14:47:13.679Z] Checked if tokens are valid: true, expires at: 1785858419945
[debug] [2026-08-04T14:47:13.679Z] >>> [apiv2][query] GET https://secretmanager.googleapis.com/v1/projects/universitynotifier-67517/secrets/WEB_PUSH_PRIVATE_KEY/versions/latest [none]
[debug] [2026-08-04T14:47:13.854Z] <<< [apiv2][status] GET https://secretmanager.googleapis.com/v1/projects/universitynotifier-67517/secrets/WEB_PUSH_PRIVATE_KEY/versions/latest 200
[debug] [2026-08-04T14:47:13.854Z] <<< [apiv2][body] GET https://secretmanager.googleapis.com/v1/projects/universitynotifier-67517/secrets/WEB_PUSH_PRIVATE_KEY/versions/latest {"name":"projects/908622250178/secrets/WEB_PUSH_PRIVATE_KEY/versions/2","createTime":"2026-08-03T09:21:07.611888Z","state":"ENABLED","replicationStatus":{"automatic":{}},"etag":"\"1658210ee97cf0\""}
[info] i  functions: preparing functions directory for uploading... 
[info] i  functions: packaged /Users/kidokouhei/Desktop/CareMateApp/university_notifier_web/functions (72.52 KB) for uploading 
[debug] [2026-08-04T14:47:13.951Z] Checked if tokens are valid: true, expires at: 1785858419945
[debug] [2026-08-04T14:47:13.951Z] Checked if tokens are valid: true, expires at: 1785858419945
[debug] [2026-08-04T14:47:13.951Z] >>> [apiv2][query] GET https://cloudfunctions.googleapis.com/v1/projects/universitynotifier-67517/locations/-/functions [none]
[debug] [2026-08-04T14:47:14.790Z] <<< [apiv2][status] GET https://cloudfunctions.googleapis.com/v1/projects/universitynotifier-67517/locations/-/functions 200
[debug] [2026-08-04T14:47:14.790Z] <<< [apiv2][body] GET https://cloudfunctions.googleapis.com/v1/projects/universitynotifier-67517/locations/-/functions {}
[debug] [2026-08-04T14:47:14.792Z] Checked if tokens are valid: true, expires at: 1785858419945
[debug] [2026-08-04T14:47:14.792Z] Checked if tokens are valid: true, expires at: 1785858419945
[debug] [2026-08-04T14:47:14.795Z] >>> [apiv2][query] GET https://cloudfunctions.googleapis.com/v2/projects/universitynotifier-67517/locations/-/functions filter=environment%3D%22GEN_2%22
